// Jest Snapshot v1, https://goo.gl/fbAQLP

exports[`renders correctly 1`] = `
<View
  style={
    Object {
      "backgroundColor": "#fff",
      "flex": 1,
    }
  }
>
  <RCTScrollView
    contentContainerStyle={
      Object {
        "paddingTop": 80,
      }
    }
    style={
      Object {
        "backgroundColor": "#fff",
        "flex": 1,
      }
    }
  >
    <View>
      <View
        style={
          Object {
            "alignItems": "center",
            "marginBottom": 20,
            "marginTop": 10,
          }
        }
      >
        <Image
          source={1}
          style={
            Object {
              "height": 38,
              "marginLeft": -10,
              "marginTop": 3,
              "resizeMode": "contain",
              "width": 140,
            }
          }
        />
      </View>
    </View>
  </RCTScrollView>
  <View
    activeOpacity={1}
    style={
      Array [
        Object {
          "flex": 1,
          "flexDirection": "row",
        },
        undefined,
      ]
    }
  >
    <View
      activeOpacity={1}
      style={
        Array [
          Object {
            "flex": 1,
            "flexDirection": "column",
          },
          undefined,
        ]
      }
    >
      <Text
        accessible={true}
        allowFontScaling={true}
        disabled={false}
        ellipsizeMode="tail"
      >
        ddddd
      </Text>
    </View>
  </View>
</View>
`;
